// Jest Snapshot v1, https://goo.gl/fbAQLP

exports[`expands all the possible cases: false 1`] = `
Map {
  "scroll" => false,
  "resize" => false,
}
`;

exports[`expands all the possible cases: true 1`] = `
Map {
  "scroll" => true,
  "resize" => true,
}
`;
